Copyright 1986-2017 Xilinx, Inc. All Rights Reserved.
-----------------------------------------------------------------------------------------------------------------------
| Tool Version : Vivado v.2017.4 (win64) Build 2086221 Fri Dec 15 20:55:39 MST 2017
| Date         : Fri Mar 10 23:41:28 2023
| Host         : DESKTOP-C3MDEKS running 64-bit major release  (build 9200)
| Command      : report_utilization -file system_wrapper_utilization_synth.rpt -pb system_wrapper_utilization_synth.pb
| Design       : system_wrapper
| Device       : 7z010clg400-1
| Design State : Synthesized
-----------------------------------------------------------------------------------------------------------------------

Utilization Design Information

Table of Contents
-----------------
1. Slice Logic
1.1 Summary of Registers by Type
2. Memory
3. DSP
4. IO and GT Specific
5. Clocking
6. Specific Feature
7. Primitives
8. Black Boxes
9. Instantiated Netlists

1. Slice Logic
--------------

+----------------------------+------+-------+-----------+-------+
|          Site Type         | Used | Fixed | Available | Util% |
+----------------------------+------+-------+-----------+-------+
| Slice LUTs*                | 9258 |     0 |     17600 | 52.60 |
|   LUT as Logic             | 9248 |     0 |     17600 | 52.55 |
|   LUT as Memory            |   10 |     0 |      6000 |  0.17 |
|     LUT as Distributed RAM |    0 |     0 |           |       |
|     LUT as Shift Register  |   10 |     0 |           |       |
| Slice Registers            | 4896 |     0 |     35200 | 13.91 |
|   Register as Flip Flop    | 4892 |     0 |     35200 | 13.90 |
|   Register as Latch        |    4 |     0 |     35200 |  0.01 |
| F7 Muxes                   |   22 |     0 |      8800 |  0.25 |
| F8 Muxes                   |    8 |     0 |      4400 |  0.18 |
+----------------------------+------+-------+-----------+-------+
* Warning! The Final LUT count, after physical optimizations and full implementation, is typically lower. Run opt_design after synthesis, if not already completed, for a more realistic count.


1.1 Summary of Registers by Type
--------------------------------

+-------+--------------+-------------+--------------+
| Total | Clock Enable | Synchronous | Asynchronous |
+-------+--------------+-------------+--------------+
| 0     |            _ |           - |            - |
| 0     |            _ |           - |          Set |
| 0     |            _ |           - |        Reset |
| 0     |            _ |         Set |            - |
| 0     |            _ |       Reset |            - |
| 0     |          Yes |           - |            - |
| 0     |          Yes |           - |          Set |
| 23    |          Yes |           - |        Reset |
| 15    |          Yes |         Set |            - |
| 4858  |          Yes |       Reset |            - |
+-------+--------------+-------------+--------------+


2. Memory
---------

+-------------------+------+-------+-----------+-------+
|     Site Type     | Used | Fixed | Available | Util% |
+-------------------+------+-------+-----------+-------+
| Block RAM Tile    |  1.5 |     0 |        60 |  2.50 |
|   RAMB36/FIFO*    |    1 |     0 |        60 |  1.67 |
|     RAMB36E1 only |    1 |       |           |       |
|   RAMB18          |    1 |     0 |       120 |  0.83 |
|     RAMB18E1 only |    1 |       |           |       |
+-------------------+------+-------+-----------+-------+
* Note: Each Block RAM Tile only has one FIFO logic available and therefore can accommodate only one FIFO36E1 or one FIFO18E1. However, if a FIFO18E1 occupies a Block RAM Tile, that tile can still accommodate a RAMB18E1


3. DSP
------

+----------------+------+-------+-----------+--------+
|    Site Type   | Used | Fixed | Available |  Util% |
+----------------+------+-------+-----------+--------+
| DSPs           |   80 |     0 |        80 | 100.00 |
|   DSP48E1 only |   80 |       |           |        |
+----------------+------+-------+-----------+--------+


4. IO and GT Specific
---------------------

+-----------------------------+------+-------+-----------+-------+
|          Site Type          | Used | Fixed | Available | Util% |
+-----------------------------+------+-------+-----------+-------+
| Bonded IOB                  |   19 |     0 |       100 | 19.00 |
| Bonded IPADs                |    0 |     0 |         2 |  0.00 |
| Bonded IOPADs               |    0 |     0 |       130 |  0.00 |
| PHY_CONTROL                 |    0 |     0 |         2 |  0.00 |
| PHASER_REF                  |    0 |     0 |         2 |  0.00 |
| OUT_FIFO                    |    0 |     0 |         8 |  0.00 |
| IN_FIFO                     |    0 |     0 |         8 |  0.00 |
| IDELAYCTRL                  |    0 |     0 |         2 |  0.00 |
| IBUFDS                      |    0 |     0 |        96 |  0.00 |
| PHASER_OUT/PHASER_OUT_PHY   |    0 |     0 |         8 |  0.00 |
| PHASER_IN/PHASER_IN_PHY     |    0 |     0 |         8 |  0.00 |
| IDELAYE2/IDELAYE2_FINEDELAY |    0 |     0 |       100 |  0.00 |
| ILOGIC                      |    0 |     0 |       100 |  0.00 |
| OLOGIC                      |    0 |     0 |       100 |  0.00 |
+-----------------------------+------+-------+-----------+-------+


5. Clocking
-----------

+------------+------+-------+-----------+-------+
|  Site Type | Used | Fixed | Available | Util% |
+------------+------+-------+-----------+-------+
| BUFGCTRL   |    1 |     0 |        32 |  3.13 |
| BUFIO      |    0 |     0 |         8 |  0.00 |
| MMCME2_ADV |    0 |     0 |         2 |  0.00 |
| PLLE2_ADV  |    0 |     0 |         2 |  0.00 |
| BUFMRCE    |    0 |     0 |         4 |  0.00 |
| BUFHCE     |    0 |     0 |        48 |  0.00 |
| BUFR       |    0 |     0 |         8 |  0.00 |
+------------+------+-------+-----------+-------+


6. Specific Feature
-------------------

+-------------+------+-------+-----------+-------+
|  Site Type  | Used | Fixed | Available | Util% |
+-------------+------+-------+-----------+-------+
| BSCANE2     |    0 |     0 |         4 |  0.00 |
| CAPTUREE2   |    0 |     0 |         1 |  0.00 |
| DNA_PORT    |    0 |     0 |         1 |  0.00 |
| EFUSE_USR   |    0 |     0 |         1 |  0.00 |
| FRAME_ECCE2 |    0 |     0 |         1 |  0.00 |
| ICAPE2      |    0 |     0 |         2 |  0.00 |
| STARTUPE2   |    0 |     0 |         1 |  0.00 |
| XADC        |    0 |     0 |         1 |  0.00 |
+-------------+------+-------+-----------+-------+


7. Primitives
-------------

+----------+------+---------------------+
| Ref Name | Used | Functional Category |
+----------+------+---------------------+
| FDRE     | 4858 |        Flop & Latch |
| LUT6     | 3322 |                 LUT |
| LUT2     | 2866 |                 LUT |
| LUT4     | 2021 |                 LUT |
| LUT3     | 1773 |                 LUT |
| CARRY4   | 1637 |          CarryLogic |
| LUT5     | 1224 |                 LUT |
| LUT1     |  220 |                 LUT |
| DSP48E1  |   80 |    Block Arithmetic |
| MUXF7    |   22 |               MuxFx |
| FDCE     |   19 |        Flop & Latch |
| FDSE     |   15 |        Flop & Latch |
| IBUF     |   13 |                  IO |
| SRL16E   |   10 |  Distributed Memory |
| MUXF8    |    8 |               MuxFx |
| OBUF     |    6 |                  IO |
| LDCE     |    4 |        Flop & Latch |
| OBUFT    |    2 |                  IO |
| RAMB36E1 |    1 |        Block Memory |
| RAMB18E1 |    1 |        Block Memory |
| BUFG     |    1 |               Clock |
+----------+------+---------------------+


8. Black Boxes
--------------

+----------------------------------------+------+
|                Ref Name                | Used |
+----------------------------------------+------+
| fcnnW_buffer                           |   10 |
| pooling_ram                            |    8 |
| conv_ram                               |    5 |
| conv2_ram                              |    5 |
| fix_float                              |    2 |
| system_xlconstant_0_0                  |    1 |
| system_xlconcat_0_0                    |    1 |
| system_xbar_1                          |    1 |
| system_xbar_0                          |    1 |
| system_v_tc_0_0                        |    1 |
| system_v_axi4s_vid_out_0_0             |    1 |
| system_rst_processing_system7_0_150M_0 |    1 |
| system_rst_processing_system7_0_100M_0 |    1 |
| system_processing_system7_0_0          |    1 |
| system_axis_subset_converter_0_1       |    1 |
| system_axi_vdma_1_0                    |    1 |
| system_axi_vdma_0_0                    |    1 |
| system_axi_gpio_0_0                    |    1 |
| system_axi_dynclk_0_0                  |    1 |
| system_auto_pc_1                       |    1 |
| system_auto_pc_0                       |    1 |
| sigmoid_blkmem                         |    1 |
| rgb2dvi_hdmi                           |    1 |
| mnist_image_blkmem                     |    1 |
| layer1_ram                             |    1 |
| input_ram                              |    1 |
| float_fix                              |    1 |
| float_div                              |    1 |
| fcnnb_blkmem                           |    1 |
| fcnnW_blkmem                           |    1 |
| classify_ram                           |    1 |
| b2_blkmem                              |    1 |
| b1_blkmem                              |    1 |
| W2_blkmem                              |    1 |
| W1_blkmem                              |    1 |
| BN_blkmem                              |    1 |
+----------------------------------------+------+


9. Instantiated Netlists
------------------------

+----------+------+
| Ref Name | Used |
+----------+------+


